******************************************************************************
              TMS320C55x Linker PC v4.4.1                      
******************************************************************************
>> Linked Thu Mar 29 12:08:46 2018

OUTPUT FILE NAME:   <EQ.out>
ENTRY POINT SYMBOL: "_c_int00"  address: 00028503


MEMORY CONFIGURATION

         name            origin    length      used     unused   attr    fill
                        (bytes)   (bytes)    (bytes)   (bytes)
----------------------  --------  ---------  --------  --------  ----  --------
PAGE 0:
  MMR                   00000000   000000c0  00000000  000000c0  RWIX
  DARAM0                000000c0   0000ff40  00006d20  00009220  RWIX
  SARAM0                00010000   00010000  00000000  00010000  RWIX
  SARAM1                00020000   00020000  00008625  000179db  RWIX
  SARAM2                00040000   0000fe00  00000378  0000fa88  RWIX
  VECS                  0004fe00   00000200  00000200  00000000  RWIX
  PDROM                 00ff8000   00008000  00000000  00008000  R IX

PAGE 2:
  IOPORT                00000000   00020000  00000000  00020000  RWI 


SECTION ALLOCATION MAP
(Addresses surrounded by []'s are displayed for convenience only!)

output                                                          attributes/
section   page  orgn(bytes) orgn(words) len(bytes) len(words)   input sections
--------  ----  ----------- ----------- ---------- ----------   --------------
.pinit       0   [ 00040000 ]  00020000          *   00000000   UNINITIALIZED

.stack       0   [ 000000c0 ]  00000060          *   00001000   UNINITIALIZED
                 [ 000000c0 ]  00000060          *   00001000   --HOLE--

.data        0   [ 000000c0 ]  00000060          *   00000000   UNINITIALIZED

.sysstack 
*            0   [ 000020c0 ]  00001060          *   00000800   UNINITIALIZED
                 [ 000020c0 ]  00001060          *   00000800   --HOLE--

.sysmem      0   [ 000030c0 ]  00001860          *   00001000   UNINITIALIZED
                 [ 000030c0 ]  00001860          *   00001000   --HOLE--

.bss.1       0   [ 000050c0 ]  00002860          *   00000b21   UNINITIALIZED
                 [ 000050c0 ]  00002860          *   0000040e   main.obj (.bss)
                 [ 000058dc ]  00002c6e          *   00000002   aic3204.obj (.bss)
                 [ 000058e0 ]  00002c70          *   00000408   ezdsp5535_aic3204_dma.obj (.bss)
                 [ 000060f0 ]  00003078          *   00000119   rts55x.lib : defs.obj (.bss)
                 [ 00006322 ]  00003191          *   000000d0              : trgdrv.obj (.bss)
                 [ 000064c2 ]  00003261          *   00000001              : fopen.obj (.bss)
                 [ 000064c4 ]  00003262          *   00000084   cslVC5505.lib : csl_intc.obj (.bss)
                 [ 000065cc ]  000032e6          *   00000071   rts55x.lib : lowlev.obj (.bss)
                 [ 000066ae ]  00003357          *   0000002a   cslVC5505.lib : csl_i2s.obj (.bss)

.bss.2       0   [ 00006704 ]  00003382          *   0000002e   UNINITIALIZED
                 [ 00006704 ]  00003382          *   00000012   cslVC5505.lib : csl_i2c.obj (.bss)
                 [ 00006728 ]  00003394          *   00000008   ezdsp5535bsl.lib : ezdsp5535_sar.obj (.bss)
                 [ 00006738 ]  0000339c          *   00000006   rts55x.lib : memory.obj (.bss)
                 [ 00006744 ]  000033a2          *   00000004   ezdsp5535bsl.lib : ezdsp5535_gpio.obj (.bss)
                 [ 0000674c ]  000033a6          *   00000004   rts55x.lib : _lock.obj (.bss)
                 [ 00006754 ]  000033aa          *   00000004              : exit.obj (.bss)
                 [ 0000675c ]  000033ae          *   00000002   ezdsp5535bsl.lib : ezdsp5535_i2s.obj (.bss)

.const.1     0   [ 00006760 ]  000033b0          *   00000319   
                 [ 00006760 ]  000033b0          *   00000174   aic3204_init.obj (.const:.string)
                 [ 00006a48 ]  00003524          *   00000101   rts55x.lib : ctype.obj (.const:__ctypes_)
                 [ 00006c4a ]  00003625          *   00000060   print_number.obj (.const:_consolas_8ptBitmaps)
                 [ 00006d0a ]  00003685          *   00000001   print_number.obj (.const)
                 [ 00006d0c ]  00003686          *   00000024   rts55x.lib : _printfi.obj (.const:.string)
                 [ 00006d54 ]  000036aa          *   0000001f   main.obj (.const:.string)

.const.2     0   [ 00006d94 ]  000036ca          *   00000028   
                 [ 00006d94 ]  000036ca          *   0000000c   rts55x.lib : _printfi.obj (.const)
                 [ 00006dac ]  000036d6          *   00000008              : divd.obj (.const:_initial_approx$1)
                 [ 00006dbc ]  000036de          *   00000008   main.obj (.const)
                 [ 00006dcc ]  000036e6          *   00000008   processing.obj (.const)
                 [ 00006ddc ]  000036ee          *   00000002   rts55x.lib : fputs.obj (.const:.string)
                 [ 00006de0 ]  000036f0          *   00000002              : fltlid.obj (.const)

.text        0     00020000  [ 00010000 ] 00008625          *   
                   00020000  [ 00010000 ] 000015a4          *   rts55x.lib : _printfi.obj (.text)
                   000215a4  [ 00010ad2 ] 00000c3c          *   cslVC5505.lib : csl_i2c.obj (.text)
                   000221e0  [ 000110f0 ] 00000b18          *                 : csl_sar.obj (.text)
                   00022cf8  [ 0001167c ] 000009f3          *                 : csl_i2s.obj (.text)
                   000236eb  [ 00011b75+] 0000068d          *                 : csl_gpio.obj (.text)
                   00023d78  [ 00011ebc ] 000005b5          *   aic3204_init.obj (.text)
                   0002432d  [ 00012196+] 00000554          *   cslVC5505.lib : csl_intc.obj (.text)
                   00024881  [ 00012440+] 00000543          *   rts55x.lib : lowlev.obj (.text)
                   00024dc4  [ 000126e2 ] 00000528          *              : trgdrv.obj (.text)
                   000252ec  [ 00012976 ] 000004b5          *              : memory.obj (.text)
                   000257a1  [ 00012bd0+] 000003cc          *              : divd.obj (.text)
                   00025b6d  [ 00012db6+] 0000031b          *   ezdsp5535_aic3204_dma.obj (.text)
                   00025e88  [ 00012f44 ] 000002d2          *   print_number.obj (.text)
                   0002615a  [ 000130ad ] 0000027f          *   rts55x.lib : fopen.obj (.text)
                   000263d9  [ 000131ec+] 0000025f          *   processing.obj (.text)
                   00026638  [ 0001331c ] 0000025e          *   rts55x.lib : llmpy.obj (.text)
                   00026896  [ 0001344b ] 0000025a          *              : addd.obj (.text)
                   00026af0  [ 00013578 ] 000001ea          *              : cmpd.obj (.text)
                   00026cda  [ 0001366d ] 00000192          *   ezdsp5535bsl.lib : ezdsp5535_lcd.obj (.text)
                   00026e6c  [ 00013736 ] 0000017b          *   main.obj (.text)
                   00026fe7  [ 000137f3+] 0000017a          *   ezdsp5535bsl.lib : ezdsp5535_sar.obj (.text)
                   00027161  [ 000138b0+] 00000163          *   rts55x.lib : fputs.obj (.text)
                   000272c4  [ 00013962 ] 0000014c          *              : mpyd.obj (.text)
                   00027410  [ 00013a08 ] 00000120          *   iir.obj (.text)
                   00027530  [ 00013a98 ] 00000107          *   ezdsp5535bsl.lib : ezdsp5535_i2s.obj (.text)
                   00027637  [ 00013b1b+] 000000e6          *   rts55x.lib : setvbuf.obj (.text)
                   0002771d  [ 00013b8e+] 000000dd          *              : _io_perm.obj (.text)
                   000277fa  [ 00013bfd ] 000000cc          *   ezdsp5535_aic3204_dma.obj (.text:retain)
                   000278c6  [ 00013c63 ] 000000c3          *   aic3204.obj (.text)
                   00027989  [ 00013cc4+] 000000c2          *   rts55x.lib : fflush.obj (.text)
                   00027a4b  [ 00013d25+] 000000ba          *              : trgmsg.obj (.text:CIO_breakpoint)
                   00027b05  [ 00013d82+] 000000a6          *              : fputc.obj (.text)
                   00027bab  [ 00013dd5+] 000000a1          *              : divul.obj (.text)
                   00027c4c  [ 00013e26 ] 0000008e          *   ezdsp5535bsl.lib : ezdsp5535_i2c.obj (.text)
                   00027cda  [ 00013e6d ] 0000008c          *   cslVC5505.lib : csl_irqplug.obj (.text)
                   00027d66  [ 00013eb3 ] 00000087          *   ezdsp5535bsl.lib : ezdsp5535_gpio.obj (.text)
                   00027ded  [ 00013ef6+] 0000007d          *   rts55x.lib : ltoa.obj (.text)
                   00027e6a  [ 00013f35 ] 0000007b          *              : fclose.obj (.text)
                   00027ee5  [ 00013f72+] 00000076          *              : frcmpyd.obj (.text)
                   00027f5b  [ 00013fad+] 00000073          *              : frcmpyd_div.obj (.text)
                   00027fce  [ 00013fe7 ] 00000072          *              : remul.obj (.text)
                   00028040  [ 00014020 ] 0000006f          *              : fixdli.obj (.text)
                   000280af  [ 00014057+] 0000006d          *   cslVC5505.lib : vectors.obj (.text)
                   0002811c  [ 0001408e ] 0000006d          *   rts55x.lib : trgmsg.obj (.text)
                   00028189  [ 000140c4+] 0000006b          *              : fseek.obj (.text)
                   000281f4  [ 000140fa ] 00000067          *              : fltlid.obj (.text)
                   0002825b  [ 0001412d+] 0000005c          *              : atoi.obj (.text)
                   000282b7  [ 0001415b+] 00000054          *   ezdsp5535bsl.lib : ezdsp5535.obj (.text)
                   0002830b  [ 00014185+] 00000050          *   rts55x.lib : printf.obj (.text)
                   0002835b  [ 000141ad+] 0000004d          *              : autoinit.obj (.text)
                   000283a8  [ 000141d4 ] 0000004b          *              : args_main.obj (.text)
                   000283f3  [ 000141f9+] 0000004b          *              : remli.obj (.text)
                   0002843e  [ 0001421f ] 00000048          *              : divli.obj (.text)
                   00028486  [ 00014243 ] 0000003f          *              : memcpy.obj (.text)
                   000284c5  [ 00014262+] 0000003e          *              : exit.obj (.text)
                   00028503  [ 00014281+] 00000034          *              : boot.obj (.text)
                   00028537  [ 0001429b+] 0000002a          *              : fixdi.obj (.text)
                   00028561  [ 000142b0+] 0000002a          *              : udiv.obj (.text)
                   0002858b  [ 000142c5+] 00000023          *              : memccpy.obj (.text)
                   000285ae  [ 000142d7 ] 0000001a          *              : isinf.obj (.text)
                   000285c8  [ 000142e4 ] 00000014          *              : subd.obj (.text)
                   000285dc  [ 000142ee ] 00000013          *              : lmpy.obj (.text)
                   000285ef  [ 000142f7+] 00000012          *              : _lock.obj (.text)
                   00028601  [ 00014300+] 00000010          *              : negd.obj (.text)
                   00028611  [ 00014308+] 0000000a          *              : remove.obj (.text)
                   0002861b  [ 0001430d+] 00000007          *              : exit.obj (.text:CIO_breakpoint)
                   00028622  [ 00014311 ] 00000002          *              : vectors.obj (.text)
                   00028624  [ 00014312 ] 00000001          *   --HOLE-- [fill = 20]

.cio         0   [ 00040000 ]  00020000          *   00000120   UNINITIALIZED
                 [ 00040000 ]  00020000          *   00000120   rts55x.lib : trgmsg.obj (.cio)

.cinit       0   [ 00040240 ]  00020120          *   00000088   
                 [ 00040240 ]  00020120          *   0000002d   rts55x.lib : lowlev.obj (.cinit)
                 [ 0004029a ]  0002014d          *   0000002a              : defs.obj (.cinit)
                 [ 000402ee ]  00020177          *   0000000c   ezdsp5535bsl.lib : ezdsp5535_sar.obj (.cinit)
                 [ 00040306 ]  00020183          *   0000000a   rts55x.lib : _lock.obj (.cinit)
                 [ 0004031a ]  0002018d          *   0000000a              : exit.obj (.cinit)
                 [ 0004032e ]  00020197          *   00000008   cslVC5505.lib : csl_i2s.obj (.cinit)
                 [ 0004033e ]  0002019f          *   00000004   rts55x.lib : fopen.obj (.cinit)
                 [ 00040346 ]  000201a3          *   00000004              : memory.obj (.cinit)
                 [ 0004034e ]  000201a7          *   00000001   --HOLE-- [fill = 0]

.switch      0   [ 00040350 ]  000201a8          *   00000014   
                 [ 00040350 ]  000201a8          *   00000014   print_number.obj (.switch:_printChar)

vectors      0     0004fe00  [ 00027f00 ] 00000200          *   
                   0004fe00  [ 00027f00 ] 00000100          *   cslVC5505.lib : vectors.obj (vectors)
                   0004ff00  [ 00027f80 ] 00000100          *   rts55x.lib : vectors.obj (vectors)


GLOBAL SYMBOLS: SORTED ALPHABETICALLY BY Name 

abs. value/
byte addr   word addr   name
---------   ---------   ----
00000002                $TI_capability$C5500$CallingConvention
00000002                $TI_capability$C5500$MemoryModel
00000001                $TI_capability_requires_rev3
ffffffff                .bss
ffffffff                .data
ffffffff                .text
0002861c                C$$EXIT
00027b00                C$$IO$$
000285dc                I$$LMPY
00028561                I$$UDIV
00028576                I$$UMOD
0004fe00                RST
000278c6                _AIC3204_rget
00027911                _AIC3204_rset
            00002c78    _DMA_InputL
            00002d78    _DMA_InputR
            00002e78    _DMA_OutputL
            00002f78    _DMA_OutputR
00027dcf                _EZDSP5535_GPIO_getInput
00027d66                _EZDSP5535_GPIO_init
00027d91                _EZDSP5535_GPIO_setDirection
00027db5                _EZDSP5535_GPIO_setOutput
00027c4c                _EZDSP5535_I2C_init
00027cb2                _EZDSP5535_I2C_read
00027c81                _EZDSP5535_I2C_reset
00027c8c                _EZDSP5535_I2C_write
00027625                _EZDSP5535_I2S_close
00027530                _EZDSP5535_I2S_init
00027589                _EZDSP5535_I2S_readLeft
000275e8                _EZDSP5535_I2S_readRight
000275bb                _EZDSP5535_I2S_writeLeft
00027609                _EZDSP5535_I2S_writeRight
00026d4d                _EZDSP5535_OSD9616_init
00026d02                _EZDSP5535_OSD9616_multiSend
00026e2f                _EZDSP5535_OSD9616_printLetter
00026cda                _EZDSP5535_OSD9616_send
000270ad                _EZDSP5535_SAR_getKey
00026fe7                _EZDSP5535_SAR_init
000282fd                _EZDSP5535_init
000282b7                _EZDSP5535_wait
000282eb                _EZDSP5535_waitusec
00023bd6                _GPIO_clearInt
0002372f                _GPIO_close
00023753                _GPIO_config
00023986                _GPIO_configBit
00023ace                _GPIO_disableInt
00023b4c                _GPIO_enableInt
000237d8                _GPIO_getConfig
000236eb                _GPIO_open
00023860                _GPIO_read
00023ce9                _GPIO_reset
00023c62                _GPIO_statusBit
000238e3                _GPIO_write
            000033a2    _GpioObj
0002528e                _HOSTclock
00025223                _HOSTclose
0002516e                _HOSTlseek
000250cf                _HOSTopen
00025042                _HOSTread
00024f94                _HOSTrename
00024f36                _HOSTtime
00024ecc                _HOSTunlink
00024e3f                _HOSTwrite
0002164d                _I2C_config
00022018                _I2C_eventDisable
00021ee4                _I2C_eventEnable
000217b2                _I2C_getConfig
000221c4                _I2C_getEventId
000215a4                _I2C_init
00021cc6                _I2C_read
00022137                _I2C_setCallback
00021888                _I2C_setup
00021a82                _I2C_write
0002312d                _I2S_close
00022cf8                _I2S_open
000231df                _I2S_read
000235ef                _I2S_reset
00022e3f                _I2S_setup
000236a0                _I2S_transEnable
00023499                _I2S_write
000243c7                _IRQ_clear
00024431                _IRQ_clearAll
00024441                _IRQ_config
00024567                _IRQ_disable
000245e5                _IRQ_disableAll
000245f3                _IRQ_enable
000246ed                _IRQ_getArg
000244d4                _IRQ_getConfig
0002483b                _IRQ_globalDisable
00024854                _IRQ_globalEnable
0002486d                _IRQ_globalRestore
0002432d                _IRQ_init
00024766                _IRQ_map
00027cda                _IRQ_plug
0002467d                _IRQ_restore
00024733                _IRQ_setArg
00024798                _IRQ_setVecs
000247c9                _IRQ_test
0004ff00                _Reset
00022763                _SAR_A2DMeasParamSet
00022bdd                _SAR_GPODirSet
000222da                _SAR_chanClose
0002235e                _SAR_chanConfig
0002265a                _SAR_chanCycSet
0002225d                _SAR_chanInit
00022278                _SAR_chanOpen
00022446                _SAR_chanSetup
0002223d                _SAR_deInit
000223d4                _SAR_getConfig
00022cb9                _SAR_getStatus
000221e0                _SAR_init
00022722                _SAR_readData
000226a9                _SAR_startConversion
000226db                _SAR_stopConversion
            00003398    _SarHandle
            00003394    _SarObj
0004fe00                _VECSTART
            00020000    __CIOBUF_
000242d4                __I2S_init
            00001060    __STACK_END
00002000                __STACK_SIZE
00002000                __SYSMEM_SIZE
00001000                __SYSSTACK_SIZE
00000001                __TI_args_main
ffffffff                ___binit__
ffffffff                ___bss__
ffffffff                ___c_args__
            00020120    ___cinit__
ffffffff                ___data__
ffffffff                ___edata__
ffffffff                ___end__
ffffffff                ___etext__
000285ae                ___isinf
ffffffff                ___pinit__
ffffffff                ___text__
00026896                __addd
000283a8                __args_main
0002627b                __cleanup
            000033aa    __cleanup_ptr
00026c82                __cmpd
            00003524    __ctypes_
000257a1                __divd
0002843e                __divli
00026861                __divlli
00028561                __divu
00027bab                __divul
0002676d                __divull
00027989                __doflush
            000033ac    __dtors_ptr
00026c4e                __eqld
00028537                __fixdi
00028040                __fixdli
000281f4                __fltlid
00027ee5                __frcmpyd
00027f5b                __frcmpyd_div
            00003190    __ft_end
            00003078    __ftable
00026c04                __geqd
00026bb9                __gtrd
00026b6c                __leqd
            000033a6    __lock
00026b24                __lssd
000272c4                __mpyd
000285dc                __mpyli
000266b5                __mpylli
00028601                __negd
00026af0                __neqd
000285ff                __nop
00021362                __printfi
0002779d                __rd_ok
000285f7                __register_lock
000285ef                __register_unlock
000283f3                __remli
00026686                __remlli
00028576                __remu
00027fce                __remul
00026638                __remull
            00000060    __stack
000285c8                __subd
            00001860    __sys_memory
            00001060    __sysstack
            000030f0    __tmpnams
            000033a8    __unlock
0002771d                __wrt_ok
0002861b                _abort
00024cd4                _add_device
0002795e                _aic3204_codec_read
00027975                _aic3204_codec_write
0002794d                _aic3204_disable
00025b6d                _aic3204_dma_init
0002793b                _aic3204_hardware_init
00023d78                _aic3204_init
00025cf8                _aic3204_read_block
00025dad                _aic3204_write_block
0002825b                _atoi
0002835b                _auto_init
00028503                _c_int00
00026446                _calculatePeekCoeff
000263d9                _calculateShelvingCoeff
0002577b                _calloc
00025773                _chkheap
00025f26                _clearLCD
00024c61                _close
            00003625    _consolas_8ptBitmaps
            00002c6e    _counter1
            00002c6f    _counter2
            00002960    _dirakBuff
000284c5                _exit
00027e6a                _fclose
000279f2                _fflush
00024c58                _find_registered_device
00027410                _first_order_IIR
0002639e                _fopen
00027b05                _fputc
00027161                _fputs
000252ec                _free
0002571d                _free_memory
000262d5                _freopen
            0000337f    _fsError
00028189                _fseek
            00003382    _gI2cObj
00024dc4                _getenv
            000033a4    _hGpio
            000033ae    _hI2s
            00002b6e    _history_x
            00002bee    _history_y
            00003392    _i2cHandle
00025e88                _initPrintNumber
            000029e0    _izlaz
            0000339a    _keyCnt1
            0000339b    _keyCnt2
00024bf2                _lseek
00027ded                _ltoa
00026e6c                _main
0002541d                _malloc
000256c3                _max_free
0002858b                _memccpy
00028486                _memcpy
000253b8                _minit
00024b33                _open
            00003380    _ouError
            00002b68    _outputPeek_Coeffs
            00002a60    _outputShalvingHP
            00002b60    _outputShalvingHP_Coeffs
            00002ae0    _outputShalvingLP
            00002b64    _outputShalvingLP_Coeffs
            00003397    _preKey
00025ff4                _printChar
0002830b                _printf
00027b05                _putc
00027b9c                _putchar
00027296                _puts
00024a85                _read
0002811c                _readmsg
00025512                _realloc
00028611                _remove
00024a4f                _remove_device
000249f6                _rename
            00002860    _sampleBufferL
            000028e0    _sampleBufferR
00027477                _second_order_IIR
00025fd2                _setWritePointerToFirstChar
00023f69                _set_sampling_frequency_and_gain
00027637                _setvbuf
000264f4                _shelvingHP
00026560                _shelvingLP
000265cc                _shelvingPeek
            00003685    _sign_width
000249c3                _unlink
00024881                _write
00027a4b                _writemsg
ffffffff                binit
            00020120    cinit
ffffffff                edata
ffffffff                end
ffffffff                etext
ffffffff                pinit


GLOBAL SYMBOLS: SORTED BY Symbol Address 

abs. value/
byte addr   word addr   name
---------   ---------   ----
00000001                $TI_capability_requires_rev3
00000001                __TI_args_main
00000002                $TI_capability$C5500$CallingConvention
00000002                $TI_capability$C5500$MemoryModel
            00000060    __stack
00001000                __SYSSTACK_SIZE
00002000                __STACK_SIZE
00002000                __SYSMEM_SIZE
            00001060    __STACK_END
            00001060    __sysstack
            00001860    __sys_memory
            00002860    _sampleBufferL
            000028e0    _sampleBufferR
            00002960    _dirakBuff
            000029e0    _izlaz
            00002a60    _outputShalvingHP
            00002ae0    _outputShalvingLP
            00002b60    _outputShalvingHP_Coeffs
            00002b64    _outputShalvingLP_Coeffs
            00002b68    _outputPeek_Coeffs
            00002b6e    _history_x
            00002bee    _history_y
            00002c6e    _counter1
            00002c6f    _counter2
            00002c78    _DMA_InputL
            00002d78    _DMA_InputR
            00002e78    _DMA_OutputL
            00002f78    _DMA_OutputR
            00003078    __ftable
            000030f0    __tmpnams
            00003190    __ft_end
            0000337f    _fsError
            00003380    _ouError
            00003382    _gI2cObj
            00003392    _i2cHandle
            00003394    _SarObj
            00003397    _preKey
            00003398    _SarHandle
            0000339a    _keyCnt1
            0000339b    _keyCnt2
            000033a2    _GpioObj
            000033a4    _hGpio
            000033a6    __lock
            000033a8    __unlock
            000033aa    __cleanup_ptr
            000033ac    __dtors_ptr
            000033ae    _hI2s
            00003524    __ctypes_
            00003625    _consolas_8ptBitmaps
            00003685    _sign_width
00021362                __printfi
000215a4                _I2C_init
0002164d                _I2C_config
000217b2                _I2C_getConfig
00021888                _I2C_setup
00021a82                _I2C_write
00021cc6                _I2C_read
00021ee4                _I2C_eventEnable
00022018                _I2C_eventDisable
00022137                _I2C_setCallback
000221c4                _I2C_getEventId
000221e0                _SAR_init
0002223d                _SAR_deInit
0002225d                _SAR_chanInit
00022278                _SAR_chanOpen
000222da                _SAR_chanClose
0002235e                _SAR_chanConfig
000223d4                _SAR_getConfig
00022446                _SAR_chanSetup
0002265a                _SAR_chanCycSet
000226a9                _SAR_startConversion
000226db                _SAR_stopConversion
00022722                _SAR_readData
00022763                _SAR_A2DMeasParamSet
00022bdd                _SAR_GPODirSet
00022cb9                _SAR_getStatus
00022cf8                _I2S_open
00022e3f                _I2S_setup
0002312d                _I2S_close
000231df                _I2S_read
00023499                _I2S_write
000235ef                _I2S_reset
000236a0                _I2S_transEnable
000236eb                _GPIO_open
0002372f                _GPIO_close
00023753                _GPIO_config
000237d8                _GPIO_getConfig
00023860                _GPIO_read
000238e3                _GPIO_write
00023986                _GPIO_configBit
00023ace                _GPIO_disableInt
00023b4c                _GPIO_enableInt
00023bd6                _GPIO_clearInt
00023c62                _GPIO_statusBit
00023ce9                _GPIO_reset
00023d78                _aic3204_init
00023f69                _set_sampling_frequency_and_gain
000242d4                __I2S_init
0002432d                _IRQ_init
000243c7                _IRQ_clear
00024431                _IRQ_clearAll
00024441                _IRQ_config
000244d4                _IRQ_getConfig
00024567                _IRQ_disable
000245e5                _IRQ_disableAll
000245f3                _IRQ_enable
0002467d                _IRQ_restore
000246ed                _IRQ_getArg
00024733                _IRQ_setArg
00024766                _IRQ_map
00024798                _IRQ_setVecs
000247c9                _IRQ_test
0002483b                _IRQ_globalDisable
00024854                _IRQ_globalEnable
0002486d                _IRQ_globalRestore
00024881                _write
000249c3                _unlink
000249f6                _rename
00024a4f                _remove_device
00024a85                _read
00024b33                _open
00024bf2                _lseek
00024c58                _find_registered_device
00024c61                _close
00024cd4                _add_device
00024dc4                _getenv
00024e3f                _HOSTwrite
00024ecc                _HOSTunlink
00024f36                _HOSTtime
00024f94                _HOSTrename
00025042                _HOSTread
000250cf                _HOSTopen
0002516e                _HOSTlseek
00025223                _HOSTclose
0002528e                _HOSTclock
000252ec                _free
000253b8                _minit
0002541d                _malloc
00025512                _realloc
000256c3                _max_free
0002571d                _free_memory
00025773                _chkheap
0002577b                _calloc
000257a1                __divd
00025b6d                _aic3204_dma_init
00025cf8                _aic3204_read_block
00025dad                _aic3204_write_block
00025e88                _initPrintNumber
00025f26                _clearLCD
00025fd2                _setWritePointerToFirstChar
00025ff4                _printChar
0002627b                __cleanup
000262d5                _freopen
0002639e                _fopen
000263d9                _calculateShelvingCoeff
00026446                _calculatePeekCoeff
000264f4                _shelvingHP
00026560                _shelvingLP
000265cc                _shelvingPeek
00026638                __remull
00026686                __remlli
000266b5                __mpylli
0002676d                __divull
00026861                __divlli
00026896                __addd
00026af0                __neqd
00026b24                __lssd
00026b6c                __leqd
00026bb9                __gtrd
00026c04                __geqd
00026c4e                __eqld
00026c82                __cmpd
00026cda                _EZDSP5535_OSD9616_send
00026d02                _EZDSP5535_OSD9616_multiSend
00026d4d                _EZDSP5535_OSD9616_init
00026e2f                _EZDSP5535_OSD9616_printLetter
00026e6c                _main
00026fe7                _EZDSP5535_SAR_init
000270ad                _EZDSP5535_SAR_getKey
00027161                _fputs
00027296                _puts
000272c4                __mpyd
00027410                _first_order_IIR
00027477                _second_order_IIR
00027530                _EZDSP5535_I2S_init
00027589                _EZDSP5535_I2S_readLeft
000275bb                _EZDSP5535_I2S_writeLeft
000275e8                _EZDSP5535_I2S_readRight
00027609                _EZDSP5535_I2S_writeRight
00027625                _EZDSP5535_I2S_close
00027637                _setvbuf
0002771d                __wrt_ok
0002779d                __rd_ok
000278c6                _AIC3204_rget
00027911                _AIC3204_rset
0002793b                _aic3204_hardware_init
0002794d                _aic3204_disable
0002795e                _aic3204_codec_read
00027975                _aic3204_codec_write
00027989                __doflush
000279f2                _fflush
00027a4b                _writemsg
00027b00                C$$IO$$
00027b05                _fputc
00027b05                _putc
00027b9c                _putchar
00027bab                __divul
00027c4c                _EZDSP5535_I2C_init
00027c81                _EZDSP5535_I2C_reset
00027c8c                _EZDSP5535_I2C_write
00027cb2                _EZDSP5535_I2C_read
00027cda                _IRQ_plug
00027d66                _EZDSP5535_GPIO_init
00027d91                _EZDSP5535_GPIO_setDirection
00027db5                _EZDSP5535_GPIO_setOutput
00027dcf                _EZDSP5535_GPIO_getInput
00027ded                _ltoa
00027e6a                _fclose
00027ee5                __frcmpyd
00027f5b                __frcmpyd_div
00027fce                __remul
00028040                __fixdli
0002811c                _readmsg
00028189                _fseek
000281f4                __fltlid
0002825b                _atoi
000282b7                _EZDSP5535_wait
000282eb                _EZDSP5535_waitusec
000282fd                _EZDSP5535_init
0002830b                _printf
0002835b                _auto_init
000283a8                __args_main
000283f3                __remli
0002843e                __divli
00028486                _memcpy
000284c5                _exit
00028503                _c_int00
00028537                __fixdi
00028561                I$$UDIV
00028561                __divu
00028576                I$$UMOD
00028576                __remu
0002858b                _memccpy
000285ae                ___isinf
000285c8                __subd
000285dc                I$$LMPY
000285dc                __mpyli
000285ef                __register_unlock
000285f7                __register_lock
000285ff                __nop
00028601                __negd
00028611                _remove
0002861b                _abort
0002861c                C$$EXIT
            00020000    __CIOBUF_
            00020120    ___cinit__
            00020120    cinit
0004fe00                RST
0004fe00                _VECSTART
0004ff00                _Reset
ffffffff                .bss
ffffffff                .data
ffffffff                .text
ffffffff                ___binit__
ffffffff                ___bss__
ffffffff                ___c_args__
ffffffff                ___data__
ffffffff                ___edata__
ffffffff                ___end__
ffffffff                ___etext__
ffffffff                ___pinit__
ffffffff                ___text__
ffffffff                binit
ffffffff                edata
ffffffff                end
ffffffff                etext
ffffffff                pinit

[277 symbols]
